1.625: [GC 896K->383K(5056K), 0.0457450 secs]
3.742: [GC 1279K->571K(5056K), 0.0288190 secs]
4.504: [GC 1467K->655K(5056K), 0.0096540 secs]
4.721: [GC 1551K->981K(5056K), 0.0150520 secs]
6.556: [GC 1774K->1210K(5056K), 0.0356930 secs]
6.638: [GC 2028K->1229K(5056K), 0.0057200 secs]
6.815: [GC 2125K->1448K(5056K), 0.0111620 secs]
7.068: [GC 2339K->1685K(5056K), 0.0119730 secs]
7.283: [GC 2580K->1822K(5056K), 0.0080760 secs]
7.515: [GC 2713K->2014K(5056K), 0.0127590 secs]
7.599: [GC 2871K->2026K(5056K), 0.0049860 secs]
8.043: [GC 2922K->2226K(5056K), 0.0181210 secs]
